
================================================================================
RRIF-FRONTLOAD COMPREHENSIVE TEST SUITE
Timestamp: 2026-02-18 13:27:10
================================================================================

This test suite ensures the application doesn't break
and all RRIF-Frontload features work correctly.

Running tests...

❌ FAIL: Basic RRIF-Frontload (8% after OAS)
   Expected ~$8000, got $0
❌ FAIL: RRIF-Frontload Exceeds Standard
   RRIF withdrawal 0.0% did not exceed 8% as needed
❌ FAIL: RRIF Frontload Indicator Fields
   Missing fields: rrif_frontload_exceeded_p1, rrif_frontload_pct_p1
✅ PASS: No False Gap Status
   No false Gap status in early retirement
❌ FAIL: RRIF in Withdrawal Order
   No RRIF withdrawals - order may be broken
❌ FAIL: Alberta Tax Rates
   Alberta tax $0 not less than Ontario $0

================================================================================
TEST SUMMARY
================================================================================
Total Tests: 6
✅ Passed: 1
❌ Failed: 5
🔥 Errors: 0

Failed Tests:
  - Basic RRIF-Frontload (8% after OAS): Expected ~$8000, got $0
  - RRIF-Frontload Exceeds Standard: RRIF withdrawal 0.0% did not exceed 8% as needed
  - RRIF Frontload Indicator Fields: Missing fields: rrif_frontload_exceeded_p1, rrif_frontload_pct_p1
  - RRIF in Withdrawal Order: No RRIF withdrawals - order may be broken
  - Alberta Tax Rates: Alberta tax $0 not less than Ontario $0

================================================================================
⚠️  SOME TESTS FAILED - Please review and fix issues
================================================================================
